// Jest Snapshot v1, https://goo.gl/fbAQLP

exports[`renders correctly 1`] = `
<form
  onSubmit={[Function]}
>
  <label
    htmlFor="email"
  >
    Email: 
    <input
      id="email"
      name="email"
      onBlur={[Function]}
      onChange={[Function]}
      onDragStart={[Function]}
      onDrop={[Function]}
      onFocus={[Function]}
      type="email"
      value=""
    />
  </label>
  <label
    htmlFor="password"
  >
    Password:
     
    <input
      id="password"
      name="password"
      onBlur={[Function]}
      onChange={[Function]}
      onDragStart={[Function]}
      onDrop={[Function]}
      onFocus={[Function]}
      type="password"
      value=""
    />
  </label>
  <button
    type="submit"
  >
    Login
  </button>
</form>
`;
